// Jest Snapshot v1, https://goo.gl/fbAQLP

exports[`AutocompleteItem component should render 1`] = `
<li>
  <button
    className=""
    onClick={[Function]}
    type="button"
  >
    A path to &gt; some 
    <b>
      item
    </b>
    
  </button>
</li>
`;
