// Jest Snapshot v1, https://goo.gl/fbAQLP

exports[`Hader component should render 1`] = `
<div
  className="header"
/>
`;
