// Jest Snapshot v1, https://goo.gl/fbAQLP

exports[`Header component should render 1`] = `
<DocumentFragment>
  <div
    class="header"
  >
    <div
      class="header__logo"
    >
      <a
        href="/"
      />
    </div>
    <ul
      class="header__navigation"
    >
      <li>
        <a
          href="/there"
        >
          there
        </a>
      </li>
    </ul>
    <div
      class="header__search"
    />
  </div>
</DocumentFragment>
`;
