// Jest Snapshot v1, https://goo.gl/fbAQLP

exports[`InPageNav component should render 1`] = `
<DocumentFragment>
  <div
    class="in-page-nav"
  >
    <ul
      class=""
    >
      <li
        class=""
      >
        <a
          href="/#id1"
        >
          First link
        </a>
      </li>
      <li
        class=""
      >
        <a
          href="/#id2"
        >
          Second link
        </a>
      </li>
      <li
        class="in-page-nav--disabled"
      >
        <a
          href="/#id3"
        >
          Third link
        </a>
      </li>
    </ul>
  </div>
</DocumentFragment>
`;
