// Jest Snapshot v1, https://goo.gl/fbAQLP

exports[`Long number component should render 1`] = `"1,000,000"`;
